// Jest Snapshot v1, https://goo.gl/fbAQLP

exports[`Pruebas en <FirstApp /> Debe de hacer match con el snap 1`] = `
<div>
  <h1
    data-testid="test-title"
  >
     
    Hola, soy un test
     
  </h1>
  <p>
    Subtitulo por defecto
  </p>
  <p>
    Subtitulo por defecto
  </p>
  <p>
    Luis Nieves!!!
  </p>
</div>
`;
